// Jest Snapshot v1, https://goo.gl/fbAQLP

exports[`HomeRenders render should render properly 1`] = `
Object {
  "asFragment": [Function],
  "baseElement": <body>
    <div>
        <div>
            <section
                id="main"
            >
                <section
                    id="banner"
                >
                    <div
                        class="inner"
                    >
                        <div
                            class="heyThere"
                        >
                            <h1
                                class="intro-andy"
                            >
                                <div>
                                    <span
                                        style="display: inline-block; width: auto;"
                                    >
                                        <span
                                            style="display: inline-block;"
                                        >
                                            H
                                        </span>
                                    </span>
                                    <span
                                        style="display: inline-block; width: auto;"
                                    >
                                        <span
                                            style="display: inline-block;"
                                        >
                                            e
                                        </span>
                                    </span>
                                    <span
                                        style="display: inline-block; width: auto;"
                                    >
                                        <span
                                            style="display: inline-block;"
                                        >
                                            y
                                        </span>
                                    </span>
                                    <span
                                        style="display: inline-block; width: auto;"
                                    >
                                        <span
                                            style="display: inline-block;"
                                        >
                                            !
                                        </span>
                                    </span>
                                    <span
                                        style="display: inline-block; width: 0.5em;"
                                    >
                                        <span
                                            style="display: inline-block;"
                                        >
                                            
                                        </span>
                                    </span>
                                </div>
                            </h1>
                        </div>
                    </div>
                </section>
                <header
                    id="header"
                />
                <section
                    id="galleries"
                >
                    <div
                        class="gallery"
                    >
                        <header>
                            <h1>
                                Projects / Experience
                            </h1>
                            <ul
                                id="tabs"
                            >
                                <li>
                                    <button
                                        data-tag="All"
                                        class="language_button"
                                    >
                                        All
                                    </button>
                                </li>
                                <li>
                                    <button
                                        data-tag="Work Experience"
                                        class="language_button"
                                    >
                                        Work Experience
                                    </button>
                                </li>
                                <li>
                                    <button
                                        data-tag="JavaScript"
                                        class="language_button"
                                    >
                                        JavaScript
                                    </button>
                                </li>
                                <li>
                                    <button
                                        data-tag="Python"
                                        class="language_button"
                                    >
                                        Python
                                    </button>
                                </li>
                            </ul>
                        </header>
                        <div
                            class="content"
                        >
                            <div
                                class="media"
                            >
                                <a
                                    target="_blank"
                                    rel="noopener noreferrer"
                                    href="https://jamdo-487.herokuapp.com/"
                                >
                                    <img
                                        src="images/thumbs/thumb1.jpg"
                                        alt=""
                                        title="https://jamdo-487.herokuapp.com/"
                                    />
                                </a>
                            </div>
                            <div
                                class="media"
                            >
                                <a
                                    target="_blank"
                                    rel="noopener noreferrer"
                                    href="https://airbnbmock.herokuapp.com/"
                                >
                                    <img
                                        src="images/thumbs/thumb3.jpg"
                                        alt=""
                                        title="https://airbnbmock.herokuapp.com/"
                                    />
                                </a>
                            </div>
                            <div
                                class="media"
                            >
                                <a
                                    target="_self"
                                    rel="noopener noreferrer"
                                    href="/Recipes"
                                >
                                    <img
                                        src="images/thumbs/thumb12.jpg"
                                        alt=""
                                        title="/Recipes"
                                    />
                                </a>
                            </div>
                            <div
                                class="media"
                            >
                                <a
                                    target="_self"
                                    rel="noopener noreferrer"
                                    href="/Pokemon"
                                >
                                    <img
                                        src="images/thumbs/thumb13.jpg"
                                        alt=""
                                        title="/Pokemon"
                                    />
                                </a>
                            </div>
                            <div
                                class="media"
                            >
                                <a
                                    target="_self"
                                    rel="noopener noreferrer"
                                    href="/Spotify"
                                >
                                    <img
                                        src="images/thumbs/thumb14.jpg"
                                        alt=""
                                        title="/Spotify"
                                    />
                                </a>
                            </div>
                            <div
                                class="media"
                            >
                                <a
                                    target="_self"
                                    rel="noopener noreferrer"
                                    href="/TicTacToe"
                                >
                                    <img
                                        src="images/thumbs/thumb6.jpg"
                                        alt=""
                                        title="/TicTacToe"
                                    />
                                </a>
                            </div>
                            <div
                                class="media"
                            >
                                <a
                                    target="_self"
                                    rel="noopener noreferrer"
                                    href="/Connect4"
                                >
                                    <img
                                        src="images/thumbs/thumb8.jpg"
                                        alt=""
                                        title="/Connect4"
                                    />
                                </a>
                            </div>
                            <div
                                class="media"
                            >
                                <a
                                    target="_self"
                                    rel="noopener noreferrer"
                                    href="/Experience1"
                                >
                                    <img
                                        src="images/thumbs/thumb7.jpg"
                                        alt=""
                                        title="/Experience1"
                                    />
                                </a>
                            </div>
                        </div>
                    </div>
                </section>
                <section
                    id="contact"
                >
                    <div
                        class="social column"
                    >
                        <h3>
                            About Me
                        </h3>
                        <p
                            id="about-me"
                        >
                            My name is Andy Nguyen, a Montreal based software developer. A recent Computer Science graduate, but am always learning. I chose this field because finding solutions to problems and developing quality software excites me. I am looking for mentorship opportunities within a diverse team, that can challenge me and help develop my skills as a software developer even further. I look forward to working with you.
                        </p>
                        <p
                            id="about-me"
                        >
                            Outside of coding, I hold a personal training certification and I 
                            <a
                                href="http://www.fqd-quebec.com/lifter/528"
                                target="_blank"
                                rel="noopener noreferrer"
                            >
                                compete in powerlifting
                            </a>
                            within the Quebec Powerlifting Federation. My other interest include cooking, mixology, photography and of course petting dogs.
                        </p>
                        <h3>
                            My Socials
                        </h3>
                        <ul
                            class="icons"
                        >
                            <li>
                                <a
                                    target="_blank"
                                    rel="noopener noreferrer"
                                    href="https://www.linkedin.com/in/andy-nguyen-84818b15b/"
                                    class="icon fa-linkedin"
                                >
                                    <span
                                        class="label"
                                    >
                                        LinkedIn
                                    </span>
                                </a>
                            </li>
                            <li>
                                <a
                                    target="_blank"
                                    rel="noopener noreferrer"
                                    href="https://github.com/asianswagstorm"
                                    class="icon fa-github"
                                >
                                    <span
                                        class="label"
                                    >
                                        Github
                                    </span>
                                </a>
                            </li>
                            <li>
                                <a
                                    target="_blank"
                                    rel="noopener noreferrer"
                                    href="https://www.instagram.com/asianswagstorm/?hl=en"
                                    class="icon fa-instagram"
                                >
                                    <span
                                        class="label"
                                    >
                                        Instagram
                                    </span>
                                </a>
                            </li>
                        </ul>
                    </div>
                    <div
                        class="column"
                    >
                        <h3>
                            Get in Touch with Me
                        </h3>
                        <form
                            action="https://formspree.io/xjvyddlb"
                            method="POST"
                        >
                            <div
                                class="field half first"
                            >
                                <label
                                    for="name"
                                >
                                    Name
                                    <input
                                        name="name"
                                        id="name"
                                        type="text"
                                        placeholder="Name"
                                    />
                                </label>
                            </div>
                            <div
                                class="field half"
                            >
                                <label
                                    for="_replyto"
                                >
                                    Email
                                    <input
                                        name="_replyto"
                                        id="email"
                                        type="email"
                                        placeholder="Email"
                                    />
                                </label>
                            </div>
                            <div
                                class="field"
                            >
                                <label
                                    for="message"
                                >
                                    Message
                                    <textarea
                                        name="message"
                                        id="message"
                                        rows="6"
                                        placeholder="Message"
                                    />
                                </label>
                            </div>
                            <ul
                                class="actions"
                            >
                                <li>
                                    <input
                                        class="button"
                                        type="submit"
                                        value="Send Message"
                                    />
                                </li>
                            </ul>
                        </form>
                    </div>
                </section>
            </section>
        </div>
    </div>
</body>,
  "container": <div>
    <div>
        <section
            id="main"
        >
            <section
                id="banner"
            >
                <div
                    class="inner"
                >
                    <div
                        class="heyThere"
                    >
                        <h1
                            class="intro-andy"
                        >
                            <div>
                                <span
                                    style="display: inline-block; width: auto;"
                                >
                                    <span
                                        style="display: inline-block;"
                                    >
                                        H
                                    </span>
                                </span>
                                <span
                                    style="display: inline-block; width: auto;"
                                >
                                    <span
                                        style="display: inline-block;"
                                    >
                                        e
                                    </span>
                                </span>
                                <span
                                    style="display: inline-block; width: auto;"
                                >
                                    <span
                                        style="display: inline-block;"
                                    >
                                        y
                                    </span>
                                </span>
                                <span
                                    style="display: inline-block; width: auto;"
                                >
                                    <span
                                        style="display: inline-block;"
                                    >
                                        !
                                    </span>
                                </span>
                                <span
                                    style="display: inline-block; width: 0.5em;"
                                >
                                    <span
                                        style="display: inline-block;"
                                    >
                                        
                                    </span>
                                </span>
                            </div>
                        </h1>
                    </div>
                </div>
            </section>
            <header
                id="header"
            />
            <section
                id="galleries"
            >
                <div
                    class="gallery"
                >
                    <header>
                        <h1>
                            Projects / Experience
                        </h1>
                        <ul
                            id="tabs"
                        >
                            <li>
                                <button
                                    data-tag="All"
                                    class="language_button"
                                >
                                    All
                                </button>
                            </li>
                            <li>
                                <button
                                    data-tag="Work Experience"
                                    class="language_button"
                                >
                                    Work Experience
                                </button>
                            </li>
                            <li>
                                <button
                                    data-tag="JavaScript"
                                    class="language_button"
                                >
                                    JavaScript
                                </button>
                            </li>
                            <li>
                                <button
                                    data-tag="Python"
                                    class="language_button"
                                >
                                    Python
                                </button>
                            </li>
                        </ul>
                    </header>
                    <div
                        class="content"
                    >
                        <div
                            class="media"
                        >
                            <a
                                target="_blank"
                                rel="noopener noreferrer"
                                href="https://jamdo-487.herokuapp.com/"
                            >
                                <img
                                    src="images/thumbs/thumb1.jpg"
                                    alt=""
                                    title="https://jamdo-487.herokuapp.com/"
                                />
                            </a>
                        </div>
                        <div
                            class="media"
                        >
                            <a
                                target="_blank"
                                rel="noopener noreferrer"
                                href="https://airbnbmock.herokuapp.com/"
                            >
                                <img
                                    src="images/thumbs/thumb3.jpg"
                                    alt=""
                                    title="https://airbnbmock.herokuapp.com/"
                                />
                            </a>
                        </div>
                        <div
                            class="media"
                        >
                            <a
                                target="_self"
                                rel="noopener noreferrer"
                                href="/Recipes"
                            >
                                <img
                                    src="images/thumbs/thumb12.jpg"
                                    alt=""
                                    title="/Recipes"
                                />
                            </a>
                        </div>
                        <div
                            class="media"
                        >
                            <a
                                target="_self"
                                rel="noopener noreferrer"
                                href="/Pokemon"
                            >
                                <img
                                    src="images/thumbs/thumb13.jpg"
                                    alt=""
                                    title="/Pokemon"
                                />
                            </a>
                        </div>
                        <div
                            class="media"
                        >
                            <a
                                target="_self"
                                rel="noopener noreferrer"
                                href="/Spotify"
                            >
                                <img
                                    src="images/thumbs/thumb14.jpg"
                                    alt=""
                                    title="/Spotify"
                                />
                            </a>
                        </div>
                        <div
                            class="media"
                        >
                            <a
                                target="_self"
                                rel="noopener noreferrer"
                                href="/TicTacToe"
                            >
                                <img
                                    src="images/thumbs/thumb6.jpg"
                                    alt=""
                                    title="/TicTacToe"
                                />
                            </a>
                        </div>
                        <div
                            class="media"
                        >
                            <a
                                target="_self"
                                rel="noopener noreferrer"
                                href="/Connect4"
                            >
                                <img
                                    src="images/thumbs/thumb8.jpg"
                                    alt=""
                                    title="/Connect4"
                                />
                            </a>
                        </div>
                        <div
                            class="media"
                        >
                            <a
                                target="_self"
                                rel="noopener noreferrer"
                                href="/Experience1"
                            >
                                <img
                                    src="images/thumbs/thumb7.jpg"
                                    alt=""
                                    title="/Experience1"
                                />
                            </a>
                        </div>
                    </div>
                </div>
            </section>
            <section
                id="contact"
            >
                <div
                    class="social column"
                >
                    <h3>
                        About Me
                    </h3>
                    <p
                        id="about-me"
                    >
                        My name is Andy Nguyen, a Montreal based software developer. A recent Computer Science graduate, but am always learning. I chose this field because finding solutions to problems and developing quality software excites me. I am looking for mentorship opportunities within a diverse team, that can challenge me and help develop my skills as a software developer even further. I look forward to working with you.
                    </p>
                    <p
                        id="about-me"
                    >
                        Outside of coding, I hold a personal training certification and I 
                        <a
                            href="http://www.fqd-quebec.com/lifter/528"
                            target="_blank"
                            rel="noopener noreferrer"
                        >
                            compete in powerlifting
                        </a>
                        within the Quebec Powerlifting Federation. My other interest include cooking, mixology, photography and of course petting dogs.
                    </p>
                    <h3>
                        My Socials
                    </h3>
                    <ul
                        class="icons"
                    >
                        <li>
                            <a
                                target="_blank"
                                rel="noopener noreferrer"
                                href="https://www.linkedin.com/in/andy-nguyen-84818b15b/"
                                class="icon fa-linkedin"
                            >
                                <span
                                    class="label"
                                >
                                    LinkedIn
                                </span>
                            </a>
                        </li>
                        <li>
                            <a
                                target="_blank"
                                rel="noopener noreferrer"
                                href="https://github.com/asianswagstorm"
                                class="icon fa-github"
                            >
                                <span
                                    class="label"
                                >
                                    Github
                                </span>
                            </a>
                        </li>
                        <li>
                            <a
                                target="_blank"
                                rel="noopener noreferrer"
                                href="https://www.instagram.com/asianswagstorm/?hl=en"
                                class="icon fa-instagram"
                            >
                                <span
                                    class="label"
                                >
                                    Instagram
                                </span>
                            </a>
                        </li>
                    </ul>
                </div>
                <div
                    class="column"
                >
                    <h3>
                        Get in Touch with Me
                    </h3>
                    <form
                        action="https://formspree.io/xjvyddlb"
                        method="POST"
                    >
                        <div
                            class="field half first"
                        >
                            <label
                                for="name"
                            >
                                Name
                                <input
                                    name="name"
                                    id="name"
                                    type="text"
                                    placeholder="Name"
                                />
                            </label>
                        </div>
                        <div
                            class="field half"
                        >
                            <label
                                for="_replyto"
                            >
                                Email
                                <input
                                    name="_replyto"
                                    id="email"
                                    type="email"
                                    placeholder="Email"
                                />
                            </label>
                        </div>
                        <div
                            class="field"
                        >
                            <label
                                for="message"
                            >
                                Message
                                <textarea
                                    name="message"
                                    id="message"
                                    rows="6"
                                    placeholder="Message"
                                />
                            </label>
                        </div>
                        <ul
                            class="actions"
                        >
                            <li>
                                <input
                                    class="button"
                                    type="submit"
                                    value="Send Message"
                                />
                            </li>
                        </ul>
                    </form>
                </div>
            </section>
        </section>
    </div>
</div>,
  "debug": [Function],
  "findAllByAltText": [Function],
  "findAllByDisplayValue": [Function],
  "findAllByLabelText": [Function],
  "findAllByPlaceholderText": [Function],
  "findAllByRole": [Function],
  "findAllByTestId": [Function],
  "findAllByText": [Function],
  "findAllByTitle": [Function],
  "findByAltText": [Function],
  "findByDisplayValue": [Function],
  "findByLabelText": [Function],
  "findByPlaceholderText": [Function],
  "findByRole": [Function],
  "findByTestId": [Function],
  "findByText": [Function],
  "findByTitle": [Function],
  "getAllByAltText": [Function],
  "getAllByDisplayValue": [Function],
  "getAllByLabelText": [Function],
  "getAllByPlaceholderText": [Function],
  "getAllByRole": [Function],
  "getAllByTestId": [Function],
  "getAllByText": [Function],
  "getAllByTitle": [Function],
  "getByAltText": [Function],
  "getByDisplayValue": [Function],
  "getByLabelText": [Function],
  "getByPlaceholderText": [Function],
  "getByRole": [Function],
  "getByTestId": [Function],
  "getByText": [Function],
  "getByTitle": [Function],
  "queryAllByAltText": [Function],
  "queryAllByDisplayValue": [Function],
  "queryAllByLabelText": [Function],
  "queryAllByPlaceholderText": [Function],
  "queryAllByRole": [Function],
  "queryAllByTestId": [Function],
  "queryAllByText": [Function],
  "queryAllByTitle": [Function],
  "queryByAltText": [Function],
  "queryByDisplayValue": [Function],
  "queryByLabelText": [Function],
  "queryByPlaceholderText": [Function],
  "queryByRole": [Function],
  "queryByTestId": [Function],
  "queryByText": [Function],
  "queryByTitle": [Function],
  "rerender": [Function],
  "unmount": [Function],
}
`;
